 atlast2

 Timestamp is 5ca5bb3a (Thu Apr 04 10:07:22 2019)

 Preferred load address is 00400000

 Start         Length     Name                   Class
 0001:00000000 0000eb28H .text                   CODE
 0002:00000000 000001bcH .idata$5                DATA
 0002:000001bc 00000004H .CRT$XCA                DATA
 0002:000001c0 00000004H .CRT$XCAA               DATA
 0002:000001c4 00000004H .CRT$XCZ                DATA
 0002:000001c8 00000004H .CRT$XIA                DATA
 0002:000001cc 00000004H .CRT$XIAA               DATA
 0002:000001d0 00000004H .CRT$XIC                DATA
 0002:000001d4 00000004H .CRT$XIY                DATA
 0002:000001d8 00000004H .CRT$XIZ                DATA
 0002:000001e0 00001660H .rdata                  DATA
 0002:00001840 0000005aH .rdata$debug            DATA
 0002:000018a0 00000004H .rdata$sxdata           DATA
 0002:000018a4 00000004H .rtc$IAA                DATA
 0002:000018a8 00000008H .rtc$IMZ                DATA
 0002:000018b0 00000004H .rtc$IZZ                DATA
 0002:000018b4 00000004H .rtc$TAA                DATA
 0002:000018b8 00000008H .rtc$TMZ                DATA
 0002:000018c0 00000004H .rtc$TZZ                DATA
 0002:000018c8 0000009cH .xdata$x                DATA
 0002:00001964 00000028H .idata$2                DATA
 0002:0000198c 00000014H .idata$3                DATA
 0002:000019a0 000001bcH .idata$4                DATA
 0002:00001b5c 000005e2H .idata$6                DATA
 0002:0000213e 00000000H .edata                  DATA
 0003:00000000 00000734H .data                   DATA
 0003:00000738 00000514H .bss                    DATA

  Address         Publics by Value              Rva+Base       Lib:Object

 0000:00000000       __except_list              00000000     <absolute>
 0000:00000001       ___safe_se_handler_count   00000001     <absolute>
 0000:00009876       __fltused                  00009876     <absolute>
 0000:00009876       __ldused                   00009876     <absolute>
 0000:00000000       ___ImageBase               00400000     <linker-defined>
 0001:00000000       _getopt                    00401000 f   atlast.obj
 0001:00000dd0       _getopt_long               00401dd0 f   atlast.obj
 0001:00000e20       _getopt_long_only          00401e20 f   atlast.obj
 0001:0000ac60       _atl_init                  0040bc60 f   atlast.obj
 0001:0000b300       _atl_lookup                0040c300 f   atlast.obj
 0001:0000b360       _atl_body                  0040c360 f   atlast.obj
 0001:0000b390       _atl_exec                  0040c390 f   atlast.obj
 0001:0000b490       _atl_vardef                0040c490 f   atlast.obj
 0001:0000b630       _atl_mark                  0040c630 f   atlast.obj
 0001:0000b690       _atl_unwind                0040c690 f   atlast.obj
 0001:0000b740       _atl_break                 0040c740 f   atlast.obj
 0001:0000b770       _atl_load                  0040c770 f   atlast.obj
 0001:0000b940       _atl_prologue              0040c940 f   atlast.obj
 0001:0000ba60       _atl_eval                  0040ca60 f   atlast.obj
 0001:0000c320       _main                      0040d320 f   atlmain.obj
 0001:0000cb30       __RTC_CheckEsp             0040db30 f   MSVCRTD:_stack_.obj
 0001:0000cb60       @_RTC_CheckStackVars@8     0040db60 f   MSVCRTD:_stack_.obj
 0001:0000cbd0       @_RTC_AllocaHelper@12      0040dbd0 f   MSVCRTD:_stack_.obj
 0001:0000cc10       @_RTC_CheckStackVars2@12   0040dc10 f   MSVCRTD:_stack_.obj
 0001:0000ccf0       __RTC_InitBase             0040dcf0 f   MSVCRTD:_init_.obj
 0001:0000cd20       __RTC_Shutdown             0040dd20 f   MSVCRTD:_init_.obj
 0001:0000cd34       _strchr                    0040dd34 f   MSVCRTD:MSVCR100D.dll
 0001:0000cd3a       _getenv                    0040dd3a f   MSVCRTD:MSVCR100D.dll
 0001:0000cd40       _vfprintf                  0040dd40 f   MSVCRTD:MSVCR100D.dll
 0001:0000cd46       _fprintf                   0040dd46 f   MSVCRTD:MSVCR100D.dll
 0001:0000cd4c       ___iob_func                0040dd4c f   MSVCRTD:MSVCR100D.dll
 0001:0000cd52       _strncmp                   0040dd52 f   MSVCRTD:MSVCR100D.dll
 0001:0000cd58       _strlen                    0040dd58 f   MSVCRTD:MSVCR100D.dll
 0001:0000cd60       __allmul                   0040dd60 f   MSVCRTD:llmul.obj
 0001:0000cda0       __alldiv                   0040dda0 f   MSVCRTD:lldiv.obj
 0001:0000ce50       __allrem                   0040de50 f   MSVCRTD:llrem.obj
 0001:0000cf02       _printf                    0040df02 f   MSVCRTD:MSVCR100D.dll
 0001:0000cf08       _strcpy                    0040df08 f   MSVCRTD:MSVCR100D.dll
 0001:0000cf0e       _strcat                    0040df0e f   MSVCRTD:MSVCR100D.dll
 0001:0000cf14       _strcmp                    0040df14 f   MSVCRTD:MSVCR100D.dll
 0001:0000cf1a       _sprintf                   0040df1a f   MSVCRTD:MSVCR100D.dll
 0001:0000cf20       _strtoul                   0040df20 f   MSVCRTD:MSVCR100D.dll
 0001:0000cf26       _strtod                    0040df26 f   MSVCRTD:MSVCR100D.dll
 0001:0000cf30       @__security_check_cookie@4 0040df30 f   MSVCRTD:secchk.obj
 0001:0000cf40       _memcpy                    0040df40 f   MSVCRTD:MSVCR100D.dll
 0001:0000cf50       __ftol2_sse                0040df50 f   MSVCRTD:ftol2.obj
 0001:0000cf59       __ftol2_pentium4           0040df59 f   MSVCRTD:ftol2.obj
 0001:0000cf6c       __ftol2_sse_excpt          0040df6c f   MSVCRTD:ftol2.obj
 0001:0000cf86       __ftol2                    0040df86 f   MSVCRTD:ftol2.obj
 0001:0000cffc       _acos                      0040dffc f   MSVCRTD:MSVCR100D.dll
 0001:0000d002       _asin                      0040e002 f   MSVCRTD:MSVCR100D.dll
 0001:0000d008       _atan                      0040e008 f   MSVCRTD:MSVCR100D.dll
 0001:0000d00e       _atan2                     0040e00e f   MSVCRTD:MSVCR100D.dll
 0001:0000d014       _cos                       0040e014 f   MSVCRTD:MSVCR100D.dll
 0001:0000d01a       _exp                       0040e01a f   MSVCRTD:MSVCR100D.dll
 0001:0000d020       _log                       0040e020 f   MSVCRTD:MSVCR100D.dll
 0001:0000d026       _pow                       0040e026 f   MSVCRTD:MSVCR100D.dll
 0001:0000d02c       _sin                       0040e02c f   MSVCRTD:MSVCR100D.dll
 0001:0000d032       _sqrt                      0040e032 f   MSVCRTD:MSVCR100D.dll
 0001:0000d038       _tan                       0040e038 f   MSVCRTD:MSVCR100D.dll
 0001:0000d03e       _fopen                     0040e03e f   MSVCRTD:MSVCR100D.dll
 0001:0000d044       _fclose                    0040e044 f   MSVCRTD:MSVCR100D.dll
 0001:0000d04a       __unlink                   0040e04a f   MSVCRTD:MSVCR100D.dll
 0001:0000d050       _ungetc                    0040e050 f   MSVCRTD:MSVCR100D.dll
 0001:0000d056       _getc                      0040e056 f   MSVCRTD:MSVCR100D.dll
 0001:0000d05c       _putc                      0040e05c f   MSVCRTD:MSVCR100D.dll
 0001:0000d062       _fputs                     0040e062 f   MSVCRTD:MSVCR100D.dll
 0001:0000d068       _fread                     0040e068 f   MSVCRTD:MSVCR100D.dll
 0001:0000d06e       _fwrite                    0040e06e f   MSVCRTD:MSVCR100D.dll
 0001:0000d074       _ftell                     0040e074 f   MSVCRTD:MSVCR100D.dll
 0001:0000d07a       _fseek                     0040e07a f   MSVCRTD:MSVCR100D.dll
 0001:0000d080       _toupper                   0040e080 f   MSVCRTD:MSVCR100D.dll
 0001:0000d086       _islower                   0040e086 f   MSVCRTD:MSVCR100D.dll
 0001:0000d08c       _sscanf                    0040e08c f   MSVCRTD:MSVCR100D.dll
 0001:0000d092       _isdigit                   0040e092 f   MSVCRTD:MSVCR100D.dll
 0001:0000d098       _isspace                   0040e098 f   MSVCRTD:MSVCR100D.dll
 0001:0000d09e       _free                      0040e09e f   MSVCRTD:MSVCR100D.dll
 0001:0000d0a4       _abort                     0040e0a4 f   MSVCRTD:MSVCR100D.dll
 0001:0000d0aa       _malloc                    0040e0aa f   MSVCRTD:MSVCR100D.dll
 0001:0000d0b0       _system                    0040e0b0 f   MSVCRTD:MSVCR100D.dll
 0001:0000d0b6       _fgets                     0040e0b6 f   MSVCRTD:MSVCR100D.dll
 0001:0000d0bc       _signal                    0040e0bc f   MSVCRTD:MSVCR100D.dll
 0001:0000d0c2       _atol                      0040e0c2 f   MSVCRTD:MSVCR100D.dll
 0001:0000d1c0       _mainCRTStartup            0040e1c0 f   MSVCRTD:crtexe.obj
 0001:0000d440       _NtCurrentTeb              0040e440 f i MSVCRTD:crtexe.obj
 0001:0000d4c0       ?_RTC_Failure@@YAXPAXH@Z   0040e4c0 f   MSVCRTD:_error_.obj
 0001:0000d870       ?_RTC_StackFailure@@YAXPAXPBD@Z 0040e870 f   MSVCRTD:_error_.obj
 0001:0000d970       ?_RTC_AllocaFailure@@YAXPAXPAU_RTC_ALLOCA_NODE@@H@Z 0040e970 f   MSVCRTD:_error_.obj
 0001:0000db20       __RTC_UninitUse            0040eb20 f   MSVCRTD:_error_.obj
 0001:0000dc10       __RTC_NumErrors            0040ec10 f   MSVCRTD:_userapi_.obj
 0001:0000dc20       __RTC_GetErrDesc           0040ec20 f   MSVCRTD:_userapi_.obj
 0001:0000dc40       __RTC_SetErrorType         0040ec40 f   MSVCRTD:_userapi_.obj
 0001:0000dc70       __RTC_SetErrorFunc         0040ec70 f   MSVCRTD:_userapi_.obj
 0001:0000dc90       __RTC_SetErrorFuncW        0040ec90 f   MSVCRTD:_userapi_.obj
 0001:0000dcb0       ?_RTC_GetErrorFunc@@YAP6AHHPBDH00ZZPBX@Z 0040ecb0 f   MSVCRTD:_userapi_.obj
 0001:0000dcc0       ?_RTC_GetErrorFuncW@@YAP6AHHPB_WH00ZZPBX@Z 0040ecc0 f   MSVCRTD:_userapi_.obj
 0001:0000dcc6       __CRT_RTC_INITW            0040ecc6 f   MSVCRTD:MSVCR100D.dll
 0001:0000dcd0       ___report_gsfailure        0040ecd0 f   MSVCRTD:gs_report.obj
 0001:0000dde0       ___sse2_available_init     0040ede0 f   MSVCRTD:cpu_disp.obj
 0001:0000de00       ?__CxxUnhandledExceptionFilter@@YGJPAU_EXCEPTION_POINTERS@@@Z 0040ee00 f   MSVCRTD:unhandld.obj
 0001:0000de70       ___CxxSetUnhandledExceptionFilter 0040ee70 f   MSVCRTD:unhandld.obj
 0001:0000de84       __configthreadlocale       0040ee84 f   MSVCRTD:MSVCR100D.dll
 0001:0000de90       __setdefaultprecision      0040ee90 f   MSVCRTD:fp8.obj
 0001:0000ded0       __invoke_watson_if_error   0040eed0 f i MSVCRTD:fp8.obj
 0001:0000def8       ___setusermatherr          0040eef8 f   MSVCRTD:MSVCR100D.dll
 0001:0000df00       __matherr                  0040ef00 f   MSVCRTD:merr.obj
 0001:0000df10       __setargv                  0040ef10 f   MSVCRTD:dllargv.obj
 0001:0000df20       __RTC_Initialize           0040ef20 f   MSVCRTD:_initsect_.obj
 0001:0000df50       __RTC_Terminate            0040ef50 f   MSVCRTD:_initsect_.obj
 0001:0000df80       __onexit                   0040ef80 f   MSVCRTD:atonexit.obj
 0001:0000e080       _atexit                    0040f080 f   MSVCRTD:atonexit.obj
 0001:0000e09c       ___set_app_type            0040f09c f   MSVCRTD:MSVCR100D.dll
 0001:0000e0a2       __amsg_exit                0040f0a2 f   MSVCRTD:MSVCR100D.dll
 0001:0000e0a8       ___getmainargs             0040f0a8 f   MSVCRTD:MSVCR100D.dll
 0001:0000e0b0       ___security_init_cookie    0040f0b0 f   MSVCRTD:gs_support.obj
 0001:0000e190       __exit                     0040f190 f   MSVCRTD:MSVCR100D.dll
 0001:0000e196       __XcptFilter               0040f196 f   MSVCRTD:MSVCR100D.dll
 0001:0000e19c       __cexit                    0040f19c f   MSVCRTD:MSVCR100D.dll
 0001:0000e1a2       _exit                      0040f1a2 f   MSVCRTD:MSVCR100D.dll
 0001:0000e1a8       __CrtSetCheckCount         0040f1a8 f   MSVCRTD:MSVCR100D.dll
 0001:0000e1b0       __ValidateImageBase        0040f1b0 f   MSVCRTD:pesect.obj
 0001:0000e210       __FindPESection            0040f210 f   MSVCRTD:pesect.obj
 0001:0000e290       __IsNonwritableInCurrentImage 0040f290 f   MSVCRTD:pesect.obj
 0001:0000e3a2       __CrtDbgReportW            0040f3a2 f   MSVCRTD:MSVCR100D.dll
 0001:0000e3a8       __initterm                 0040f3a8 f   MSVCRTD:MSVCR100D.dll
 0001:0000e3ae       __initterm_e               0040f3ae f   MSVCRTD:MSVCR100D.dll
 0001:0000e3c0       __except_handler4          0040f3c0 f   MSVCRTD:chandler4gs.obj
 0001:0000e3f0       ?_RTC_GetSrcLine@@YAHPAEPA_WKPAH1K@Z 0040f3f0 f   MSVCRTD:_pdblkup_.obj
 0001:0000ea32       __crt_debugger_hook        0040fa32 f   MSVCRTD:MSVCR100D.dll
 0001:0000ea38       ?terminate@@YAXXZ          0040fa38 f   MSVCRTD:MSVCR100D.dll
 0001:0000ea3e       __controlfp_s              0040fa3e f   MSVCRTD:MSVCR100D.dll
 0001:0000ea44       __invoke_watson            0040fa44 f   MSVCRTD:MSVCR100D.dll
 0001:0000ea4a       __unlock                   0040fa4a f   MSVCRTD:MSVCR100D.dll
 0001:0000ea50       ___dllonexit               0040fa50 f   MSVCRTD:MSVCR100D.dll
 0001:0000ea56       __lock                     0040fa56 f   MSVCRTD:MSVCR100D.dll
 0001:0000ea5c       __except_handler4_common   0040fa5c f   MSVCRTD:MSVCR100D.dll
 0001:0000ea62       __wmakepath_s              0040fa62 f   MSVCRTD:MSVCR100D.dll
 0001:0000ea68       _wcscpy_s                  0040fa68 f   MSVCRTD:MSVCR100D.dll
 0001:0000ea6e       __wsplitpath_s             0040fa6e f   MSVCRTD:MSVCR100D.dll
 0001:0000ea74       _EncodePointer@4           0040fa74 f   kernel32:KERNEL32.dll
 0001:0000ea7a       _InterlockedExchange@8     0040fa7a f   kernel32:KERNEL32.dll
 0001:0000ea80       _Sleep@4                   0040fa80 f   kernel32:KERNEL32.dll
 0001:0000ea86       _InterlockedCompareExchange@12 0040fa86 f   kernel32:KERNEL32.dll
 0001:0000ea8c       _HeapSetInformation@16     0040fa8c f   kernel32:KERNEL32.dll
 0001:0000ea92       _WideCharToMultiByte@32    0040fa92 f   kernel32:KERNEL32.dll
 0001:0000ea98       _IsDebuggerPresent@0       0040fa98 f   kernel32:KERNEL32.dll
 0001:0000ea9e       _MultiByteToWideChar@24    0040fa9e f   kernel32:KERNEL32.dll
 0001:0000eaa4       _RaiseException@16         0040faa4 f   kernel32:KERNEL32.dll
 0001:0000eaaa       _lstrlenA@4                0040faaa f   kernel32:KERNEL32.dll
 0001:0000eab0       _GetProcAddress@8          0040fab0 f   kernel32:KERNEL32.dll
 0001:0000eab6       _LoadLibraryW@4            0040fab6 f   kernel32:KERNEL32.dll
 0001:0000eabc       _TerminateProcess@8        0040fabc f   kernel32:KERNEL32.dll
 0001:0000eac2       _GetCurrentProcess@0       0040fac2 f   kernel32:KERNEL32.dll
 0001:0000eac8       _UnhandledExceptionFilter@4 0040fac8 f   kernel32:KERNEL32.dll
 0001:0000eace       _SetUnhandledExceptionFilter@4 0040face f   kernel32:KERNEL32.dll
 0001:0000ead4       _IsProcessorFeaturePresent@4 0040fad4 f   kernel32:KERNEL32.dll
 0001:0000eada       _DecodePointer@4           0040fada f   kernel32:KERNEL32.dll
 0001:0000eae0       _QueryPerformanceCounter@4 0040fae0 f   kernel32:KERNEL32.dll
 0001:0000eae6       _GetTickCount@0            0040fae6 f   kernel32:KERNEL32.dll
 0001:0000eaec       _GetCurrentThreadId@0      0040faec f   kernel32:KERNEL32.dll
 0001:0000eaf2       _GetCurrentProcessId@0     0040faf2 f   kernel32:KERNEL32.dll
 0001:0000eaf8       _GetSystemTimeAsFileTime@4 0040faf8 f   kernel32:KERNEL32.dll
 0001:0000eafe       _HeapFree@12               0040fafe f   kernel32:KERNEL32.dll
 0001:0000eb04       _HeapAlloc@12              0040fb04 f   kernel32:KERNEL32.dll
 0001:0000eb0a       _GetProcessHeap@0          0040fb0a f   kernel32:KERNEL32.dll
 0001:0000eb10       _GetModuleFileNameW@12     0040fb10 f   kernel32:KERNEL32.dll
 0001:0000eb16       _VirtualQuery@12           0040fb16 f   kernel32:KERNEL32.dll
 0001:0000eb1c       _GetModuleHandleW@4        0040fb1c f   kernel32:KERNEL32.dll
 0001:0000eb22       _FreeLibrary@4             0040fb22 f   kernel32:KERNEL32.dll
 0002:00000000       __imp__GetModuleHandleW@4  00410000     kernel32:KERNEL32.dll
 0002:00000004       __imp__VirtualQuery@12     00410004     kernel32:KERNEL32.dll
 0002:00000008       __imp__GetModuleFileNameW@12 00410008     kernel32:KERNEL32.dll
 0002:0000000c       __imp__GetProcessHeap@0    0041000c     kernel32:KERNEL32.dll
 0002:00000010       __imp__HeapAlloc@12        00410010     kernel32:KERNEL32.dll
 0002:00000014       __imp__HeapFree@12         00410014     kernel32:KERNEL32.dll
 0002:00000018       __imp__GetSystemTimeAsFileTime@4 00410018     kernel32:KERNEL32.dll
 0002:0000001c       __imp__GetCurrentProcessId@0 0041001c     kernel32:KERNEL32.dll
 0002:00000020       __imp__GetCurrentThreadId@0 00410020     kernel32:KERNEL32.dll
 0002:00000024       __imp__GetTickCount@0      00410024     kernel32:KERNEL32.dll
 0002:00000028       __imp__QueryPerformanceCounter@4 00410028     kernel32:KERNEL32.dll
 0002:0000002c       __imp__DecodePointer@4     0041002c     kernel32:KERNEL32.dll
 0002:00000030       __imp__IsProcessorFeaturePresent@4 00410030     kernel32:KERNEL32.dll
 0002:00000034       __imp__SetUnhandledExceptionFilter@4 00410034     kernel32:KERNEL32.dll
 0002:00000038       __imp__UnhandledExceptionFilter@4 00410038     kernel32:KERNEL32.dll
 0002:0000003c       __imp__GetCurrentProcess@0 0041003c     kernel32:KERNEL32.dll
 0002:00000040       __imp__TerminateProcess@8  00410040     kernel32:KERNEL32.dll
 0002:00000044       __imp__LoadLibraryW@4      00410044     kernel32:KERNEL32.dll
 0002:00000048       __imp__GetProcAddress@8    00410048     kernel32:KERNEL32.dll
 0002:0000004c       __imp__lstrlenA@4          0041004c     kernel32:KERNEL32.dll
 0002:00000050       __imp__RaiseException@16   00410050     kernel32:KERNEL32.dll
 0002:00000054       __imp__MultiByteToWideChar@24 00410054     kernel32:KERNEL32.dll
 0002:00000058       __imp__IsDebuggerPresent@0 00410058     kernel32:KERNEL32.dll
 0002:0000005c       __imp__WideCharToMultiByte@32 0041005c     kernel32:KERNEL32.dll
 0002:00000060       __imp__HeapSetInformation@16 00410060     kernel32:KERNEL32.dll
 0002:00000064       __imp__InterlockedCompareExchange@12 00410064     kernel32:KERNEL32.dll
 0002:00000068       __imp__Sleep@4             00410068     kernel32:KERNEL32.dll
 0002:0000006c       __imp__InterlockedExchange@8 0041006c     kernel32:KERNEL32.dll
 0002:00000070       __imp__EncodePointer@4     00410070     kernel32:KERNEL32.dll
 0002:00000074       __imp__FreeLibrary@4       00410074     kernel32:KERNEL32.dll
 0002:00000078       \177KERNEL32_NULL_THUNK_DATA 00410078     kernel32:KERNEL32.dll
 0002:0000007c       __imp__getc                0041007c     MSVCRTD:MSVCR100D.dll
 0002:00000080       __imp__putc                00410080     MSVCRTD:MSVCR100D.dll
 0002:00000084       __imp__fputs               00410084     MSVCRTD:MSVCR100D.dll
 0002:00000088       __imp__fread               00410088     MSVCRTD:MSVCR100D.dll
 0002:0000008c       __imp__fwrite              0041008c     MSVCRTD:MSVCR100D.dll
 0002:00000090       __imp__ftell               00410090     MSVCRTD:MSVCR100D.dll
 0002:00000094       __imp__fseek               00410094     MSVCRTD:MSVCR100D.dll
 0002:00000098       __imp__toupper             00410098     MSVCRTD:MSVCR100D.dll
 0002:0000009c       __imp__islower             0041009c     MSVCRTD:MSVCR100D.dll
 0002:000000a0       __imp__sscanf              004100a0     MSVCRTD:MSVCR100D.dll
 0002:000000a4       __imp__isdigit             004100a4     MSVCRTD:MSVCR100D.dll
 0002:000000a8       __imp__isspace             004100a8     MSVCRTD:MSVCR100D.dll
 0002:000000ac       __imp__free                004100ac     MSVCRTD:MSVCR100D.dll
 0002:000000b0       __imp__abort               004100b0     MSVCRTD:MSVCR100D.dll
 0002:000000b4       __imp__malloc              004100b4     MSVCRTD:MSVCR100D.dll
 0002:000000b8       __imp__system              004100b8     MSVCRTD:MSVCR100D.dll
 0002:000000bc       __imp__fgets               004100bc     MSVCRTD:MSVCR100D.dll
 0002:000000c0       __imp__signal              004100c0     MSVCRTD:MSVCR100D.dll
 0002:000000c4       __imp__atol                004100c4     MSVCRTD:MSVCR100D.dll
 0002:000000c8       __imp___CRT_RTC_INITW      004100c8     MSVCRTD:MSVCR100D.dll
 0002:000000cc       __imp___configthreadlocale 004100cc     MSVCRTD:MSVCR100D.dll
 0002:000000d0       __imp____setusermatherr    004100d0     MSVCRTD:MSVCR100D.dll
 0002:000000d4       __imp___commode            004100d4     MSVCRTD:MSVCR100D.dll
 0002:000000d8       __imp___fmode              004100d8     MSVCRTD:MSVCR100D.dll
 0002:000000dc       __imp__ungetc              004100dc     MSVCRTD:MSVCR100D.dll
 0002:000000e0       __imp___amsg_exit          004100e0     MSVCRTD:MSVCR100D.dll
 0002:000000e4       __imp____getmainargs       004100e4     MSVCRTD:MSVCR100D.dll
 0002:000000e8       __imp___exit               004100e8     MSVCRTD:MSVCR100D.dll
 0002:000000ec       __imp___XcptFilter         004100ec     MSVCRTD:MSVCR100D.dll
 0002:000000f0       __imp___cexit              004100f0     MSVCRTD:MSVCR100D.dll
 0002:000000f4       __imp__exit                004100f4     MSVCRTD:MSVCR100D.dll
 0002:000000f8       __imp____initenv           004100f8     MSVCRTD:MSVCR100D.dll
 0002:000000fc       __imp___CrtSetCheckCount   004100fc     MSVCRTD:MSVCR100D.dll
 0002:00000100       __imp___CrtDbgReportW      00410100     MSVCRTD:MSVCR100D.dll
 0002:00000104       __imp___initterm           00410104     MSVCRTD:MSVCR100D.dll
 0002:00000108       __imp___initterm_e         00410108     MSVCRTD:MSVCR100D.dll
 0002:0000010c       __imp___crt_debugger_hook  0041010c     MSVCRTD:MSVCR100D.dll
 0002:00000110       __imp_?terminate@@YAXXZ    00410110     MSVCRTD:MSVCR100D.dll
 0002:00000114       __imp___controlfp_s        00410114     MSVCRTD:MSVCR100D.dll
 0002:00000118       __imp___invoke_watson      00410118     MSVCRTD:MSVCR100D.dll
 0002:0000011c       __imp___unlock             0041011c     MSVCRTD:MSVCR100D.dll
 0002:00000120       __imp____dllonexit         00410120     MSVCRTD:MSVCR100D.dll
 0002:00000124       __imp___lock               00410124     MSVCRTD:MSVCR100D.dll
 0002:00000128       __imp___onexit             00410128     MSVCRTD:MSVCR100D.dll
 0002:0000012c       __imp___except_handler4_common 0041012c     MSVCRTD:MSVCR100D.dll
 0002:00000130       __imp___wmakepath_s        00410130     MSVCRTD:MSVCR100D.dll
 0002:00000134       __imp__wcscpy_s            00410134     MSVCRTD:MSVCR100D.dll
 0002:00000138       __imp___wsplitpath_s       00410138     MSVCRTD:MSVCR100D.dll
 0002:0000013c       __imp___unlink             0041013c     MSVCRTD:MSVCR100D.dll
 0002:00000140       __imp__fclose              00410140     MSVCRTD:MSVCR100D.dll
 0002:00000144       __imp__fopen               00410144     MSVCRTD:MSVCR100D.dll
 0002:00000148       __imp__tan                 00410148     MSVCRTD:MSVCR100D.dll
 0002:0000014c       __imp__sqrt                0041014c     MSVCRTD:MSVCR100D.dll
 0002:00000150       __imp__sin                 00410150     MSVCRTD:MSVCR100D.dll
 0002:00000154       __imp__pow                 00410154     MSVCRTD:MSVCR100D.dll
 0002:00000158       __imp__log                 00410158     MSVCRTD:MSVCR100D.dll
 0002:0000015c       __imp__exp                 0041015c     MSVCRTD:MSVCR100D.dll
 0002:00000160       __imp__cos                 00410160     MSVCRTD:MSVCR100D.dll
 0002:00000164       __imp__atan2               00410164     MSVCRTD:MSVCR100D.dll
 0002:00000168       __imp__atan                00410168     MSVCRTD:MSVCR100D.dll
 0002:0000016c       __imp__asin                0041016c     MSVCRTD:MSVCR100D.dll
 0002:00000170       __imp__acos                00410170     MSVCRTD:MSVCR100D.dll
 0002:00000174       __imp__memcpy              00410174     MSVCRTD:MSVCR100D.dll
 0002:00000178       __imp__strtod              00410178     MSVCRTD:MSVCR100D.dll
 0002:0000017c       __imp__strtoul             0041017c     MSVCRTD:MSVCR100D.dll
 0002:00000180       __imp__sprintf             00410180     MSVCRTD:MSVCR100D.dll
 0002:00000184       __imp__strcmp              00410184     MSVCRTD:MSVCR100D.dll
 0002:00000188       __imp__strcat              00410188     MSVCRTD:MSVCR100D.dll
 0002:0000018c       __imp__strcpy              0041018c     MSVCRTD:MSVCR100D.dll
 0002:00000190       __imp__printf              00410190     MSVCRTD:MSVCR100D.dll
 0002:00000194       __imp__strlen              00410194     MSVCRTD:MSVCR100D.dll
 0002:00000198       __imp__strncmp             00410198     MSVCRTD:MSVCR100D.dll
 0002:0000019c       __imp____argv              0041019c     MSVCRTD:MSVCR100D.dll
 0002:000001a0       __imp____iob_func          004101a0     MSVCRTD:MSVCR100D.dll
 0002:000001a4       __imp__fprintf             004101a4     MSVCRTD:MSVCR100D.dll
 0002:000001a8       __imp__vfprintf            004101a8     MSVCRTD:MSVCR100D.dll
 0002:000001ac       __imp__getenv              004101ac     MSVCRTD:MSVCR100D.dll
 0002:000001b0       __imp____set_app_type      004101b0     MSVCRTD:MSVCR100D.dll
 0002:000001b4       __imp__strchr              004101b4     MSVCRTD:MSVCR100D.dll
 0002:000001b8       \177MSVCR100D_NULL_THUNK_DATA 004101b8     MSVCRTD:MSVCR100D.dll
 0002:000001bc       ___xc_a                    004101bc     MSVCRTD:cinitexe.obj
 0002:000001c4       ___xc_z                    004101c4     MSVCRTD:cinitexe.obj
 0002:000001c8       ___xi_a                    004101c8     MSVCRTD:cinitexe.obj
 0002:000001d8       ___xi_z                    004101d8     MSVCRTD:cinitexe.obj
 0002:000001fc       ??_C@_09GAMPJJGL@TEMPSTRN?5?$AA@ 004101fc     atlast.obj
 0002:00000208       ??_C@_09GDELENAF@TEMPSTRL?5?$AA@ 00410208     atlast.obj
 0002:00000214       ??_C@_05OHLFDECO@HEAP?5?$AA@ 00410214     atlast.obj
 0002:0000021c       ??_C@_07NIFKNEP@RSTACK?5?$AA@ 0041021c     atlast.obj
 0002:00000224       ??_C@_06OCMIFJOD@STACK?5?$AA@ 00410224     atlast.obj
 0002:0000022c       ??_C@_06BLNAKME@STDERR?$AA@ 0041022c     atlast.obj
 0002:00000234       ??_C@_06DNBFFLKD@STDOUT?$AA@ 00410234     atlast.obj
 0002:0000023c       ??_C@_05MHDFGKA@STDIN?$AA@ 0041023c     atlast.obj
 0002:00000244       ??_C@_09NMMMFPKN@0EVALUATE?$AA@ 00410244     atlast.obj
 0002:00000250       ??_C@_06KIMIPMHH@0FLOAD?$AA@ 00410250     atlast.obj
 0002:00000258       ??_C@_06KFFEKIFD@0FSEEK?$AA@ 00410258     atlast.obj
 0002:00000260       ??_C@_06FHOENJAL@0FTELL?$AA@ 00410260     atlast.obj
 0002:00000268       ??_C@_06GHNAMGFD@0FPUTC?$AA@ 00410268     atlast.obj
 0002:00000270       ??_C@_06OFAJNKFO@0FGETC?$AA@ 00410270     atlast.obj
 0002:00000278       ??_C@_07GLDELNNH@0FWRITE?$AA@ 00410278     atlast.obj
 0002:00000280       ??_C@_06BIKFDFPA@0FREAD?$AA@ 00410280     atlast.obj
 0002:00000288       ??_C@_06CNBCNEAC@0FPUTS?$AA@ 00410288     atlast.obj
 0002:00000290       ??_C@_06KPMLMIAP@0FGETS?$AA@ 00410290     atlast.obj
 0002:00000298       ??_C@_08OAJGAKDH@0FDELETE?$AA@ 00410298     atlast.obj
 0002:000002a4       ??_C@_07MIHJNOA@0FCLOSE?$AA@ 004102a4     atlast.obj
 0002:000002ac       ??_C@_06BKPEIBDI@0FOPEN?$AA@ 004102ac     atlast.obj
 0002:000002b4       ??_C@_05IPGGCMEL@0FILE?$AA@ 004102b4     atlast.obj
 0002:000002bc       ??_C@_06IGNJJOKG@0WORDS?$AA@ 004102bc     atlast.obj
 0002:000002c4       ??_C@_05NAGDOFCC@0TYPE?$AA@ 004102c4     atlast.obj
 0002:000002cc       ??_C@_03PJKCHKGH@1?4?$CI?$AA@ 004102cc     atlast.obj
 0002:000002d0       ??_C@_03DENJCON@1?4?$CC?$AA@ 004102d0     atlast.obj
 0002:000002d4       ??_C@_03INNFLNDP@0?4S?$AA@ 004102d4     atlast.obj
 0002:000002d8       ??_C@_03NEMBNEAN@0CR?$AA@  004102d8     atlast.obj
 0002:000002dc       ??_C@_02HMALOJEB@0?$DP?$AA@ 004102dc     atlast.obj
 0002:000002e0       ??_C@_02CPNCMKFB@0?4?$AA@  004102e0     atlast.obj
 0002:000002e4       ??_C@_09PHABBLJC@0?$DORESOLVE?$AA@ 004102e4     atlast.obj
 0002:000002f0       ??_C@_06LPOCMLO@0?$DOMARK?$AA@ 004102f0     atlast.obj
 0002:000002f8       ??_C@_09NJPHDDBE@0?$DMRESOLVE?$AA@ 004102f8     atlast.obj
 0002:00000304       ??_C@_06EGDGINLF@0?$DMMARK?$AA@ 00410304     atlast.obj
 0002:0000030c       ??_C@_08LLNBOFDH@0COMPILE?$AA@ 0041030c     atlast.obj
 0002:00000318       ??_C@_08MEIBGFMH@1LITERAL?$AA@ 00410318     atlast.obj
 0002:00000324       ??_C@_0L@PPPNOFDC@1?$FLCOMPILE?$FN?$AA@ 00410324     atlast.obj
 0002:00000330       ??_C@_08NHEDMBGE@0S?$DONAME?$CB?$AA@ 00410330     atlast.obj
 0002:0000033c       ??_C@_08DIOIEBIC@0NAME?$DOS?$CB?$AA@ 0041033c     atlast.obj
 0002:00000348       ??_C@_07JDOMHGJI@0L?$DONAME?$AA@ 00410348     atlast.obj
 0002:00000350       ??_C@_07CHMCIPOJ@0N?$DOLINK?$AA@ 00410350     atlast.obj
 0002:00000358       ??_C@_06KBEICDKO@0LINK?$DO?$AA@ 00410358     atlast.obj
 0002:00000360       ??_C@_06MENLELIA@0NAME?$DO?$AA@ 00410360     atlast.obj
 0002:00000368       ??_C@_06GEBNCAAE@0BODY?$DO?$AA@ 00410368     atlast.obj
 0002:00000370       ??_C@_06OGBGHHPF@0?$DOLINK?$AA@ 00410370     atlast.obj
 0002:00000378       ??_C@_06MFKHJPKN@0?$DONAME?$AA@ 00410378     atlast.obj
 0002:00000380       ??_C@_05JFPJMJGE@0FIND?$AA@ 00410380     atlast.obj
 0002:00000388       ??_C@_06EIGKJEPF@0STATE?$AA@ 00410388     atlast.obj
 0002:00000390       ??_C@_06JCOGDEN@0?$DOBODY?$AA@ 00410390     atlast.obj
 0002:00000398       ??_C@_08BMCODLCA@0EXECUTE?$AA@ 00410398     atlast.obj
 0002:000003a4       ??_C@_04ILIHGCAL@1?$FL?8?$FN?$AA@ 004103a4     atlast.obj
 0002:000003ac       ??_C@_02POBAHBBI@0?8?$AA@  004103ac     atlast.obj
 0002:000003b0       ??_C@_06HGPCBKK@0DOES?$DO?$AA@ 004103b0     atlast.obj
 0002:000003b8       ??_C@_07CKFDKAEF@0FORGET?$AA@ 004103b8     atlast.obj
 0002:000003c0       ??_C@_07HOLFGALO@0CREATE?$AA@ 004103c0     atlast.obj
 0002:000003c8       ??_C@_02CLMAOAGE@0?$FN?$AA@ 004103c8     atlast.obj
 0002:000003cc       ??_C@_02HMFICNNF@1?$FL?$AA@ 004103cc     atlast.obj
 0002:000003d0       ??_C@_0L@FBPCDAOB@0IMMEDIATE?$AA@ 004103d0     atlast.obj
 0002:000003dc       ??_C@_02BJKFEGHC@1?$DL?$AA@ 004103dc     atlast.obj
 0002:000003e0       ??_C@_02BHMBNAE@0?3?$AA@   004103e0     atlast.obj
 0002:000003e4       ??_C@_0N@JACHHCHC@0WORDSUNUSED?$AA@ 004103e4     atlast.obj
 0002:000003f4       ??_C@_0L@KDKOLN@0WORDSUSED?$AA@ 004103f4     atlast.obj
 0002:00000400       ??_C@_09BHMIPPJ@0WALKBACK?$AA@ 00410400     atlast.obj
 0002:0000040c       ??_C@_06MDEGOEBI@0TRACE?$AA@ 0041040c     atlast.obj
 0002:00000414       ??_C@_07COPGIKHD@0SYSTEM?$AA@ 00410414     atlast.obj
 0002:0000041c       ??_C@_07EPGGOCC@1ABORT?$CC?$AA@ 0041041c     atlast.obj
 0002:00000424       ??_C@_06FOFPHNNG@0ABORT?$AA@ 00410424     atlast.obj
 0002:0000042c       ??_C@_05BCHLGOAF@0QUIT?$AA@ 0041042c     atlast.obj
 0002:00000434       ??_C@_02COEDGEPC@0J?$AA@   00410434     atlast.obj
 0002:00000438       ??_C@_02FGODHDB@0I?$AA@    00410438     atlast.obj
 0002:0000043c       ??_C@_06OEOOEOOH@0LEAVE?$AA@ 0041043c     atlast.obj
 0002:00000444       ??_C@_09LADNBAGF@0?$CI?$CLXLOOP?$CJ?$AA@ 00410444     atlast.obj
 0002:00000450       ??_C@_08EENKAJAP@0?$CIXLOOP?$CJ?$AA@ 00410450     atlast.obj
 0002:0000045c       ??_C@_07LBIDLKB@0?$CIX?$DPDO?$CJ?$AA@ 0041045c     atlast.obj
 0002:00000464       ??_C@_06CJKBMPO@0?$CIXDO?$CJ?$AA@ 00410464     atlast.obj
 0002:0000046c       ??_C@_06JOOFBBBI@1?$CLLOOP?$AA@ 0041046c     atlast.obj
 0002:00000474       ??_C@_05BOBCOANO@1LOOP?$AA@ 00410474     atlast.obj
 0002:0000047c       ??_C@_04NKGAHPF@1?$DPDO?$AA@ 0041047c     atlast.obj
 0002:00000484       ??_C@_03JGFOMJPB@1DO?$AA@  00410484     atlast.obj
 0002:00000488       ??_C@_07DDDAIFH@1REPEAT?$AA@ 00410488     atlast.obj
 0002:00000490       ??_C@_06HBNHNPD@1WHILE?$AA@ 00410490     atlast.obj
 0002:00000498       ??_C@_06HAEJDIGL@1AGAIN?$AA@ 00410498     atlast.obj
 0002:000004a0       ??_C@_06LAOPNPLI@1UNTIL?$AA@ 004104a0     atlast.obj
 0002:000004a8       ??_C@_06KJHGEGHJ@1BEGIN?$AA@ 004104a8     atlast.obj
 0002:000004b0       ??_C@_05KNIMAIMD@0?$DPDUP?$AA@ 004104b0     atlast.obj
 0002:000004b8       ??_C@_05KIDLOCN@1THEN?$AA@ 004104b8     atlast.obj
 0002:000004c0       ??_C@_05CDDOJBEB@1ELSE?$AA@ 004104c0     atlast.obj
 0002:000004c8       ??_C@_03EPEEOBOL@1IF?$AA@  004104c8     atlast.obj
 0002:000004cc       ??_C@_08KNNMAPJN@0?$DPBRANCH?$AA@ 004104cc     atlast.obj
 0002:000004d8       ??_C@_07NJOGBGCE@0BRANCH?$AA@ 004104d8     atlast.obj
 0002:000004e0       ??_C@_06HFODLJPA@0?$CILIT?$CJ?$AA@ 004104e0     atlast.obj
 0002:000004e8       ??_C@_05HFHBIHJK@0EXIT?$AA@ 004104e8     atlast.obj
 0002:000004f0       ??_C@_07LAEIABPO@0?$CINEST?$CJ?$AA@ 004104f0     atlast.obj
 0002:000004f8       ??_C@_04MDDBKNON@0TAN?$AA@ 004104f8     atlast.obj
 0002:00000500       ??_C@_05PHKKOGKD@0SQRT?$AA@ 00410500     atlast.obj
 0002:00000508       ??_C@_04FAPFMEOM@0SIN?$AA@ 00410508     atlast.obj
 0002:00000510       ??_C@_04NNMNLOKI@0POW?$AA@ 00410510     atlast.obj
 0002:00000518       ??_C@_04INMAEENO@0LOG?$AA@ 00410518     atlast.obj
 0002:00000520       ??_C@_04OMCCDKDH@0EXP?$AA@ 00410520     atlast.obj
 0002:00000528       ??_C@_04PLANIDNN@0COS?$AA@ 00410528     atlast.obj
 0002:00000530       ??_C@_06HHLLPOPC@0ATAN2?$AA@ 00410530     atlast.obj
 0002:00000538       ??_C@_05HEBJDFIB@0ATAN?$AA@ 00410538     atlast.obj
 0002:00000540       ??_C@_05OHNNFMIA@0ASIN?$AA@ 00410540     atlast.obj
 0002:00000548       ??_C@_05EMCFBLLB@0ACOS?$AA@ 00410548     atlast.obj
 0002:00000550       ??_C@_04CLKKNGJG@0FIX?$AA@ 00410550     atlast.obj
 0002:00000558       ??_C@_06OCAKOOCG@0FLOAT?$AA@ 00410558     atlast.obj
 0002:00000560       ??_C@_03FBIACABM@0F?4?$AA@ 00410560     atlast.obj
 0002:00000564       ??_C@_04GBBKODMP@0F?$DM?$DN?$AA@ 00410564     atlast.obj
 0002:0000056c       ??_C@_04GCJODHKB@0F?$DO?$DN?$AA@ 0041056c     atlast.obj
 0002:00000574       ??_C@_03CJHEFAMP@0F?$DM?$AA@ 00410574     atlast.obj
 0002:00000578       ??_C@_03BLECDCEN@0F?$DO?$AA@ 00410578     atlast.obj
 0002:0000057c       ??_C@_04EKDHLAAM@0F?$DM?$DO?$AA@ 0041057c     atlast.obj
 0002:00000584       ??_C@_03DAGPGBIO@0F?$DN?$AA@ 00410584     atlast.obj
 0002:00000588       ??_C@_05FMNEJMHJ@0FABS?$AA@ 00410588     atlast.obj
 0002:00000590       ??_C@_08LMFEPDDP@0FNEGATE?$AA@ 00410590     atlast.obj
 0002:0000059c       ??_C@_05PHLAEEFD@0FMAX?$AA@ 0041059c     atlast.obj
 0002:000005a4       ??_C@_05OFDLKADM@0FMIN?$AA@ 004105a4     atlast.obj
 0002:000005ac       ??_C@_03EIJLBBFN@0F?1?$AA@ 004105ac     atlast.obj
 0002:000005b0       ??_C@_03DFOMOFBI@0F?$CK?$AA@ 004105b0     atlast.obj
 0002:000005b4       ??_C@_03HKKNHDNP@0F?9?$AA@ 004105b4     atlast.obj
 0002:000005b8       ??_C@_03CMPHNEFJ@0F?$CL?$AA@ 004105b8     atlast.obj
 0002:000005bc       ??_C@_07GOKPFGBJ@0?$CIFLIT?$CJ?$AA@ 004105bc     atlast.obj
 0002:000005c4       ??_C@_08LJDPGIKE@0STRREAL?$AA@ 004105c4     atlast.obj
 0002:000005d0       ??_C@_07JKCOHJKG@0STRINT?$AA@ 004105d0     atlast.obj
 0002:000005d8       ??_C@_09KKFANBFF@0FSTRFORM?$AA@ 004105d8     atlast.obj
 0002:000005e4       ??_C@_08EEJJJFOK@0STRFORM?$AA@ 004105e4     atlast.obj
 0002:000005f0       ??_C@_08GINNEDKC@0COMPARE?$AA@ 004105f0     atlast.obj
 0002:000005fc       ??_C@_07EJNNALFK@0SUBSTR?$AA@ 004105fc     atlast.obj
 0002:00000604       ??_C@_08MCJEDBJE@0STRCHAR?$AA@ 00410604     atlast.obj
 0002:00000610       ??_C@_07JDLJOCJP@0STRCMP?$AA@ 00410610     atlast.obj
 0002:00000618       ??_C@_07BBIIJMKO@0STRLEN?$AA@ 00410618     atlast.obj
 0002:00000620       ??_C@_03DGBKLFMC@0S?$CL?$AA@ 00410620     atlast.obj
 0002:00000624       ??_C@_07POMPNOPP@0STRCAT?$AA@ 00410624     atlast.obj
 0002:0000062c       ??_C@_03MMPFFNEI@0S?$CB?$AA@ 0041062c     atlast.obj
 0002:00000630       ??_C@_07FGIFGJPF@0STRCPY?$AA@ 00410630     atlast.obj
 0002:00000638       ??_C@_07PLMBDIDE@0STRING?$AA@ 00410638     atlast.obj
 0002:00000640       ??_C@_09FEDGBOAP@0?$CISTRLIT?$CJ?$AA@ 00410640     atlast.obj
 0002:0000064c       ??_C@_06DHACAGHC@0ARRAY?$AA@ 0041064c     atlast.obj
 0002:00000654       ??_C@_05GMDIKDOI@0HERE?$AA@ 00410654     atlast.obj
 0002:0000065c       ??_C@_03DGKEKDGF@0C?$DN?$AA@ 0041065c     atlast.obj
 0002:00000660       ??_C@_03GFHNIAHF@0C?0?$AA@ 00410660     atlast.obj
 0002:00000664       ??_C@_03KMDFKENO@0C?$EA?$AA@ 00410664     atlast.obj
 0002:00000668       ??_C@_03NANDPODI@0C?$CB?$AA@ 00410668     atlast.obj
 0002:0000066c       ??_C@_02BNOEKIND@0?0?$AA@  0041066c     atlast.obj
 0002:00000670       ??_C@_06OHCEFMHK@0ALLOT?$AA@ 00410670     atlast.obj
 0002:00000678       ??_C@_03JGBHGEKA@0?$CL?$CB?$AA@ 00410678     atlast.obj
 0002:0000067c       ??_C@_02NEKMIMHI@0?$EA?$AA@ 0041067c     atlast.obj
 0002:00000680       ??_C@_02KIEKNGJO@0?$CB?$AA@ 00410680     atlast.obj
 0002:00000684       ??_C@_09LHOCOAIG@0CONSTANT?$AA@ 00410684     atlast.obj
 0002:00000690       ??_C@_09KMOEGCKP@0VARIABLE?$AA@ 00410690     atlast.obj
 0002:0000069c       ??_C@_03PJAGKGLJ@02?$EA?$AA@ 0041069c     atlast.obj
 0002:000006a0       ??_C@_03IFOAPMFP@02?$CB?$AA@ 004106a0     atlast.obj
 0002:000006a4       ??_C@_0L@BDHAKCDN@02CONSTANT?$AA@ 004106a4     atlast.obj
 0002:000006b0       ??_C@_0L@IHGCABE@02VARIABLE?$AA@ 004106b0     atlast.obj
 0002:000006bc       ??_C@_05FFLDCHJD@02ROT?$AA@ 004106bc     atlast.obj
 0002:000006c4       ??_C@_06EJFLMMGO@02OVER?$AA@ 004106c4     atlast.obj
 0002:000006cc       ??_C@_06GBMIBLNG@02SWAP?$AA@ 004106cc     atlast.obj
 0002:000006d4       ??_C@_06IOEIINHM@02DROP?$AA@ 004106d4     atlast.obj
 0002:000006dc       ??_C@_05FFBMMMHC@02DUP?$AA@ 004106dc     atlast.obj
 0002:000006e4       ??_C@_03HJAIEECN@00?$DM?$AA@ 004106e4     atlast.obj
 0002:000006e8       ??_C@_03ELDOCGKP@00?$DO?$AA@ 004106e8     atlast.obj
 0002:000006ec       ??_C@_04EGDEPEM@00?$DM?$DO?$AA@ 004106ec     atlast.obj
 0002:000006f4       ??_C@_03GABDHFGM@00?$DN?$AA@ 004106f4     atlast.obj
 0002:000006f8       ??_C@_03BLGDNBNB@02?1?$AA@ 004106f8     atlast.obj
 0002:000006fc       ??_C@_03GGBECFJE@02?$CK?$AA@ 004106fc     atlast.obj
 0002:00000700       ??_C@_03CJFFLDFD@02?9?$AA@ 00410700     atlast.obj
 0002:00000704       ??_C@_03CLBDANAK@01?9?$AA@ 00410704     atlast.obj
 0002:00000708       ??_C@_03HPAPBENF@02?$CL?$AA@ 00410708     atlast.obj
 0002:0000070c       ??_C@_03HNEJKKIM@01?$CL?$AA@ 0041070c     atlast.obj
 0002:00000710       ??_C@_03LBNBGNJJ@0R?$EA?$AA@ 00410710     atlast.obj
 0002:00000714       ??_C@_03GNDJOB@0R?$DO?$AA@ 00410714     atlast.obj
 0002:00000718       ??_C@_03IIOICPAO@0?$DOR?$AA@ 00410718     atlast.obj
 0002:0000071c       ??_C@_05OOKPPJJM@0ROLL?$AA@ 0041071c     atlast.obj
 0002:00000724       ??_C@_05LHADCHMA@0?9ROT?$AA@ 00410724     atlast.obj
 0002:0000072c       ??_C@_04FMOJCFOA@0ROT?$AA@ 0041072c     atlast.obj
 0002:00000734       ??_C@_05PFBJCENK@0PICK?$AA@ 00410734     atlast.obj
 0002:0000073c       ??_C@_05IAFOLGOK@0OVER?$AA@ 0041073c     atlast.obj
 0002:00000744       ??_C@_05KIMNGBFC@0SWAP?$AA@ 00410744     atlast.obj
 0002:0000074c       ??_C@_05EHENPHPI@0DROP?$AA@ 0041074c     atlast.obj
 0002:00000754       ??_C@_04FMEGMOAB@0DUP?$AA@ 00410754     atlast.obj
 0002:0000075c       ??_C@_06ILCADIHH@0CLEAR?$AA@ 0041075c     atlast.obj
 0002:00000764       ??_C@_06FGDCFGFD@0DEPTH?$AA@ 00410764     atlast.obj
 0002:0000076c       ??_C@_06GELFJCJH@0SHIFT?$AA@ 0041076c     atlast.obj
 0002:00000774       ??_C@_04EGCGMNMH@0NOT?$AA@ 00410774     atlast.obj
 0002:0000077c       ??_C@_04GFAOGCAC@0XOR?$AA@ 0041077c     atlast.obj
 0002:00000784       ??_C@_03NNNLCNGJ@0OR?$AA@  00410784     atlast.obj
 0002:00000788       ??_C@_04FFEFKFPH@0AND?$AA@ 00410788     atlast.obj
 0002:00000790       ??_C@_03GJAJIMAI@0?$DM?$DN?$AA@ 00410790     atlast.obj
 0002:00000794       ??_C@_03GKINFIGG@0?$DO?$DN?$AA@ 00410794     atlast.obj
 0002:00000798       ??_C@_02FHCGLKIC@0?$DM?$AA@ 00410798     atlast.obj
 0002:0000079c       ??_C@_02GFBANIAA@0?$DO?$AA@ 0041079c     atlast.obj
 0002:000007a0       ??_C@_03ECCENPML@0?$DM?$DO?$AA@ 004107a0     atlast.obj
 0002:000007a4       ??_C@_02EODNILMD@0?$DN?$AA@ 004107a4     atlast.obj
 0002:000007a8       ??_C@_04FJNMNIAF@0ABS?$AA@ 004107a8     atlast.obj
 0002:000007b0       ??_C@_07HLHBGADN@0NEGATE?$AA@ 004107b0     atlast.obj
 0002:000007b8       ??_C@_04PCLIAACP@0MAX?$AA@ 004107b8     atlast.obj
 0002:000007c0       ??_C@_04OADDOEEA@0MIN?$AA@ 004107c0     atlast.obj
 0002:000007c8       ??_C@_05IPHLCBDI@0?1MOD?$AA@ 004107c8     atlast.obj
 0002:000007d0       ??_C@_04BOFBHAHI@0MOD?$AA@ 004107d0     atlast.obj
 0002:000007d8       ??_C@_02DGMJPLBA@0?1?$AA@  004107d8     atlast.obj
 0002:000007dc       ??_C@_02ELLOAPFF@0?$CK?$AA@ 004107dc     atlast.obj
 0002:000007e0       ??_C@_02EPPJJJC@0?9?$AA@   004107e0     atlast.obj
 0002:000007e4       ??_C@_02FCKFDOBE@0?$CL?$AA@ 004107e4     atlast.obj
 0002:000007e8       ??_C@_02CHHAKFFB@w?$CL?$AA@ 004107e8     atlast.obj
 0002:000007ec       ??_C@_01NOFIACDB@w?$AA@    004107ec     atlast.obj
 0002:000007f0       ??_C@_02CBLLGHLK@r?$CL?$AA@ 004107f0     atlast.obj
 0002:000007f4       ??_C@_01KDCPPGHE@r?$AA@    004107f4     atlast.obj
 0002:000007f6       ??_C@_00CNPNBAHC@?$AA@     004107f6     atlast.obj
 0002:000008b4       ??_C@_0BA@DMNGMDNL@POSIXLY_CORRECT?$AA@ 004108b4     atlast.obj
 0002:000008c4       ??_C@_01EEMJAFIK@?6?$AA@   004108c4     atlast.obj
 0002:000008c8       ??_C@_04PFAOODAA@?$CFs?3?5?$AA@ 004108c8     atlast.obj
 0002:000008d0       ??_C@_0BE@GHKBHBNP@Bad?5array?5dimension?$AA@ 004108d0     atlast.obj
 0002:000008e4       ??_C@_0BK@JMNCJBO@Bad?5array?5subscript?5count?$AA@ 004108e4     atlast.obj
 0002:00000900       ??_C@_0BH@PPFPMAMJ@Bad?5array?5element?5size?$AA@ 00410900     atlast.obj
 0002:00000918       ??_C@_0BH@JCEAHPOB@Subscript?5out?5of?5range?$AA@ 00410918     atlast.obj
 0002:00000930       ??_C@_05NKLPODEL@?$CC?$CFs?$CC?5?$AA@ 00410930     atlast.obj
 0002:00000938       ??_C@_03JBELIGOI@?$CFg?5?$AA@ 00410938     atlast.obj
 0002:00000940       __real@0000000000000000    00410940     atlast.obj
 0002:00000948       ??_C@_04JLFGKHHD@?$CFld?5?$AA@ 00410948     atlast.obj
 0002:00000950       ??_C@_03HKPIJKPH@?$CFlX?$AA@ 00410950     atlast.obj
 0002:00000954       ??_C@_06INGCOLCM@Empty?4?$AA@ 00410954     atlast.obj
 0002:0000095c       ??_C@_07BEDGMFAP@Stack?3?5?$AA@ 0041095c     atlast.obj
 0002:00000964       ??_C@_02DKCKIIND@?$CFs?$AA@ 00410964     atlast.obj
 0002:00000968       ??_C@_03ILJCGOLJ@?6?$CFs?$AA@ 00410968     atlast.obj
 0002:0000096c       ??_C@_0N@PBIJLHDC@?6Not?5a?5file?6?$AA@ 0041096c     atlast.obj
 0002:0000097c       ??_C@_0BA@JACEKOJL@?6File?5not?5open?6?$AA@ 0041097c     atlast.obj
 0002:0000098c       ??_C@_0CO@JGGOCGGA@?6Word?5requested?5by?5?$GA?5not?5on?5same@ 0041098c     atlast.obj
 0002:000009bc       ??_C@_0CE@MDBGKFCP@?6Word?5not?5specified?5when?5expecte@ 004109bc     atlast.obj
 0002:000009e0       ??_C@_0BB@OHOHCFGF@?5?8?$CFs?8?5undefined?5?$AA@ 004109e0     atlast.obj
 0002:000009f4       ??_C@_05CLIFEECF@?$CFlf?$CFc?$AA@ 004109f4     atlast.obj
 0002:000009fc       ??_C@_01ODHLEDKK@?$CI?$AA@ 004109fc     atlast.obj
 0002:00000a00       ??_C@_01KICIPPFI@?2?$AA@   00410a00     atlast.obj
 0002:00000a04       ??_C@_0BF@MJHGENMC@?6Runaway?5string?3?5?$CFs?6?$AA@ 00410a04     atlast.obj
 0002:00000a1c       ??_C@_0CG@OOBANHEI@?6?$DOLINK?5Foulup?9?9wnext?5is?5not?5at?5z@ 00410a1c     atlast.obj
 0002:00000a44       ??_C@_0CG@FEHNEJPA@?6LINK?$DO?5Foulup?9?9wnext?5is?5not?5at?5z@ 00410a44     atlast.obj
 0002:00000a6c       ??_C@_0CH@DMBENMFN@?6?6Out?5of?5memory?$CB?5?5?$CFu?5bytes?5reque@ 00410a6c     atlast.obj
 0002:00000a94       ??_C@_06FAPHFCKA@?5?5?5?$CFs?6?$AA@ 00410a94     atlast.obj
 0002:00000a9c       ??_C@_0L@PCCJFDMH@Walkback?3?6?$AA@ 00410a9c     atlast.obj
 0002:00000aa8       ??_C@_05FHDBFBFM@?6?$CFs?4?6?$AA@ 00410aa8     atlast.obj
 0002:00000ab0       ??_C@_0P@MGPMFBBC@Stack?5overflow?$AA@ 00410ab0     atlast.obj
 0002:00000ac0       ??_C@_0BA@IDBDELE@Stack?5underflow?$AA@ 00410ac0     atlast.obj
 0002:00000ad0       ??_C@_0BG@LMAJCFEC@Return?5stack?5overflow?$AA@ 00410ad0     atlast.obj
 0002:00000ae8       ??_C@_0BH@GDCAJADE@Return?5stack?5underflow?$AA@ 00410ae8     atlast.obj
 0002:00000b00       ??_C@_0O@HPAGMHGG@Heap?5overflow?$AA@ 00410b00     atlast.obj
 0002:00000b10       ??_C@_0M@PMMKGAPI@Bad?5pointer?$AA@ 00410b10     atlast.obj
 0002:00000b1c       ??_C@_0CB@IGAMCALP@Compiler?5word?5outside?5definition@ 00410b1c     atlast.obj
 0002:00000b40       ??_C@_0P@FGOAMMID@Divide?5by?5zero?$AA@ 00410b40     atlast.obj
 0002:00000b50       ??_C@_0N@FPAAJABI@Break?5signal?$AA@ 00410b50     atlast.obj
 0002:00000b60       ??_C@_0M@KIMLNNGH@?6Trace?3?5?$CFs?5?$AA@ 00410b60     atlast.obj
 0002:00000b6c       ??_C@_06LFNPDNNG@ABORT?$CC?$AA@ 00410b6c     atlast.obj
 0002:00000b74       ??_C@_08NNENOOIF@?$CI?$CLXLOOP?$CJ?$AA@ 00410b74     atlast.obj
 0002:00000b80       ??_C@_07OJMAACBK@?$CIXLOOP?$CJ?$AA@ 00410b80     atlast.obj
 0002:00000b88       ??_C@_06HGJLGIML@?$CIX?$DPDO?$CJ?$AA@ 00410b88     atlast.obj
 0002:00000b90       ??_C@_05IGFHMHHB@?$CIXDO?$CJ?$AA@ 00410b90     atlast.obj
 0002:00000b98       ??_C@_06KEGFEFEO@BRANCH?$AA@ 00410b98     atlast.obj
 0002:00000ba0       ??_C@_07MGAEII@?$DPBRANCH?$AA@ 00410ba0     atlast.obj
 0002:00000ba8       ??_C@_02GPDAODKN@?4?$CI?$AA@ 00410ba8     atlast.obj
 0002:00000bac       ??_C@_08DJEGOAOP@?$CISTRLIT?$CJ?$AA@ 00410bac     atlast.obj
 0002:00000bb8       ??_C@_06BDCMAFHD@?$CIFLIT?$CJ?$AA@ 00410bb8     atlast.obj
 0002:00000bc0       ??_C@_05PBCOGCHP@?$CILIT?$CJ?$AA@ 00410bc0     atlast.obj
 0002:00000bc8       ??_C@_04GOLNGIJ@EXIT?$AA@  00410bc8     atlast.obj
 0002:00000bd0       ??_C@_0BH@JBHCBGIC@?6Runaway?5?$GA?$CI?8?5comment?4?6?$AA@ 00410bd0     atlast.obj
 0002:00000be8       ??_C@_03LMKFJNEF@?$CFli?$AA@ 00410be8     atlast.obj
 0002:00000bec       ??_C@_03IEGBKDB@?2?5?$CK?$AA@ 00410bec     atlast.obj
 0002:00000bf0       ??_C@_0BI@GECOCLOJ@?6Unknown?5token?5type?5?$CFd?6?$AA@ 00410bf0     atlast.obj
 0002:00000c08       ??_C@_0BC@NFKPJPPG@?6?$CFs?5isn?8t?5unique?4?$AA@ 00410c08     atlast.obj
 0002:00000c1c       ??_C@_0BE@LDIAODFB@?6Forget?5protected?4?6?$AA@ 00410c1c     atlast.obj
 0002:00000c30       ??_C@_03DHJCLLDI@?9?$DO?5?$AA@ 00410c30     atlmain.obj
 0002:00000c34       ??_C@_03PKFMNEBO@?3?$DO?5?$AA@ 00410c34     atlmain.obj
 0002:00000c38       ??_C@_03BGPEMFHA@?$CI?5?5?$AA@ 00410c38     atlmain.obj
 0002:00000c3c       ??_C@_0BO@KPFHHMGJ@?6Error?5?$CFd?5in?5include?5file?5?$CFs?6?$AA@ 00410c3c     atlmain.obj
 0002:00000c5c       ??_C@_0CA@KJGOLJOE@Unable?5to?5open?5include?5file?5?$CFs?6?$AA@ 00410c5c     atlmain.obj
 0002:00000c7c       ??_C@_0BI@JKHGNLHE@Unable?5to?5open?5file?5?$CFs?6?$AA@ 00410c7c     atlmain.obj
 0002:00000c94       ??_C@_04FOAGONMG@?4atl?$AA@ 00410c94     atlmain.obj
 0002:00000c9c       ??_C@_0BG@MKAGPIPI@Duplicate?5file?5name?4?6?$AA@ 00410c9c     atlmain.obj
 0002:00000cb4       ??_C@_0CG@JFHJPPBK@?5?5?5?5?5?5?5?5?5?5?5?9U?5?5?5?5?5Print?5this?5mes@ 00410cb4     atlmain.obj
 0002:00000cdc       ??_C@_0CC@PKGEKIKC@?5?5?5?5?5?5?5?5?5?5?5?9T?5?5?5?5?5Set?5TRACE?5mode@ 00410cdc     atlmain.obj
 0002:00000d00       ??_C@_0CC@IHINJHFB@?5?5?5?5?5?5?5?5?5?5?5?9Sn?5?5?5?5Stack?5length?5n@ 00410d00     atlmain.obj
 0002:00000d24       ??_C@_0CJ@DIGEJAC@?5?5?5?5?5?5?5?5?5?5?5?9Rn?5?5?5?5Return?5stack?5l@ 00410d24     atlmain.obj
 0002:00000d50       ??_C@_0DB@KBGOPGBN@?5?5?5?5?5?5?5?5?5?5?5?9Ifile?5Include?5named?5@ 00410d50     atlmain.obj
 0002:00000d84       ??_C@_0CB@HKJNMKAH@?5?5?5?5?5?5?5?5?5?5?5?9Hn?5?5?5?5Heap?5length?5n?6@ 00410d84     atlmain.obj
 0002:00000da8       ??_C@_0CN@CJNLNJCI@?5?5?5?5?5?5?5?5?5?5?5?9D?5?5?5?5?5Treat?5file?5as?5@ 00410da8     atlmain.obj
 0002:00000dd8       ??_C@_0BC@EIFDGCCA@?5?5?5?5?5?5?5?5Options?3?6?$AA@ 00410dd8     atlmain.obj
 0002:00000dec       ??_C@_0CG@MMPGPBPM@Usage?3?5?5ATLAST?5?$FLoptions?$FN?5?$FLinputf@ 00410dec     atlmain.obj
 0002:00000e18       ??_C@_0EI@OFCIMGC@ATLAST?52?40?5?$CI2014?907?904?$CJ?5?$FL64?9bit?$FN@ 00410e18     atlmain.obj
 0002:00000e60       ??_C@_1GA@EHAKPACL@?$AAf?$AA?3?$AA?2?$AAd?$AAd?$AA?2?$AAv?$AAc?$AAt?$AAo?$AAo?$AAl?$AAs?$AA?2?$AAc?$AAr?$AAt?$AA_?$AAb?$AAl?$AAd?$AA?2?$AAs?$AAe?$AAl?$AAf?$AA_?$AAx?$AA8?$AA6?$AA?2?$AAc@ 00410e60     MSVCRTD:crtexe.obj
 0002:00000ec0       ??_C@_1FA@DALEHHGL@?$AA_?$AA_?$AAn?$AAa?$AAt?$AAi?$AAv?$AAe?$AA_?$AAs?$AAt?$AAa?$AAr?$AAt?$AAu?$AAp?$AA_?$AAs?$AAt?$AAa?$AAt?$AAe?$AA?5?$AA?$DN?$AA?$DN?$AA?5?$AA_?$AA_?$AAi?$AAn?$AAi?$AAt@ 00410ec0     MSVCRTD:crtexe.obj
 0002:00000f10       ??_C@_0BO@GNIAFIKK@Unknown?5Runtime?5Check?5Error?6?$AN?$AA@ 00410f10     MSVCRTD:_error_.obj
 0002:00000f30       ??_C@_0CM@NGINOKPC@Stack?5memory?5around?5_alloca?5was?5@ 00410f30     MSVCRTD:_error_.obj
 0002:00000f5c       ??_C@_0DG@HKJMLLLP@A?5local?5variable?5was?5used?5before@ 00410f5c     MSVCRTD:_error_.obj
 0002:00000f94       ??_C@_0BN@FFOINMNJ@Stack?5memory?5was?5corrupted?6?$AN?$AA@ 00410f94     MSVCRTD:_error_.obj
 0002:00000fb8       ??_C@_0BBN@GPMLNJCF@A?5cast?5to?5a?5smaller?5data?5type?5ha@ 00410fb8     MSVCRTD:_error_.obj
 0002:000010d8       ??_C@_0NN@NGPKDKPD@The?5value?5of?5ESP?5was?5not?5properl@ 004110d8     MSVCRTD:_error_.obj
 0002:00001254       ??_C@_0CA@IODNCDPG@Run?9Time?5Check?5Failure?5?$CD?$CFd?5?9?5?$CFs?$AA@ 00411254     MSVCRTD:_error_.obj
 0002:00001274       ??_C@_0BE@GNBOBNCK@Unknown?5Module?5Name?$AA@ 00411274     MSVCRTD:_error_.obj
 0002:00001288       ??_C@_0BB@PFFGGCJP@Unknown?5Filename?$AA@ 00411288     MSVCRTD:_error_.obj
 0002:000012a0       ??_C@_1EA@NFKNIFJP@?$AAR?$AAu?$AAn?$AA?9?$AAT?$AAi?$AAm?$AAe?$AA?5?$AAC?$AAh?$AAe?$AAc?$AAk?$AA?5?$AAF?$AAa?$AAi?$AAl?$AAu?$AAr?$AAe?$AA?5?$AA?$CD?$AA?$CF?$AAd?$AA?5?$AA?9?$AA?5?$AA?$CF?$AAs?$AA?$AA@ 004112a0     MSVCRTD:_error_.obj
 0002:000012e0       ??_C@_1GM@OLMCBDMB@?$AAR?$AAu?$AAn?$AAt?$AAi?$AAm?$AAe?$AA?5?$AAC?$AAh?$AAe?$AAc?$AAk?$AA?5?$AAE?$AAr?$AAr?$AAo?$AAr?$AA?4?$AA?6?$AA?$AN?$AA?5?$AAU?$AAn?$AAa?$AAb?$AAl?$AAe?$AA?5?$AAt?$AAo@ 004112e0     MSVCRTD:_error_.obj
 0002:0000134c       ??_C@_0CG@IAFNJNEE@Stack?5corrupted?5near?5unknown?5var@ 0041134c     MSVCRTD:_error_.obj
 0002:00001378       ??_C@_0EJ@LJKNEOLN@Stack?5area?5around?5_alloca?5memory@ 00411378     MSVCRTD:_error_.obj
 0002:000013c4       ??_C@_08KJEDNCKC@?$CFs?$CFs?$CFs?$CFs?$AA@ 004113c4     MSVCRTD:_error_.obj
 0002:000013d0       ??_C@_02LLMPMKNF@?$DO?5?$AA@ 004113d0     MSVCRTD:_error_.obj
 0002:000013d4       ??_C@_0BC@KIBAILCI@?$CFs?$CFs?$CFp?$CFs?$CFld?$CFs?$CFd?$CFs?$AA@ 004113d4     MSVCRTD:_error_.obj
 0002:000013e8       ??_C@_0EI@CLEPFNGI@Stack?5area?5around?5_alloca?5memory@ 004113e8     MSVCRTD:_error_.obj
 0002:00001430       ??_C@_0N@MHFFIMFG@?6Address?3?50x?$AA@ 00411430     MSVCRTD:_error_.obj
 0002:00001440       ??_C@_07DFDJCKFN@?6Size?3?5?$AA@ 00411440     MSVCRTD:_error_.obj
 0002:00001448       ??_C@_0CK@DKGBICFE@?6Allocation?5number?5within?5this?5f@ 00411448     MSVCRTD:_error_.obj
 0002:00001474       ??_C@_08OMAHNMHJ@?6Data?3?5?$DM?$AA@ 00411474     MSVCRTD:_error_.obj
 0002:00001480       ??_C@_09FOPFMPEJ@wsprintfA?$AA@ 00411480     MSVCRTD:_error_.obj
 0002:0000148c       ??_C@_1BG@OILDLIOJ@?$AAu?$AAs?$AAe?$AAr?$AA3?$AA2?$AA?4?$AAd?$AAl?$AAl?$AA?$AA@ 0041148c     MSVCRTD:_error_.obj
 0002:000014a4       ??_C@_05MKKEDADM@?$CF?42X?5?$AA@ 004114a4     MSVCRTD:_error_.obj
 0002:000014ac       ??_C@_0DE@OHJBPMBP@A?5variable?5is?5being?5used?5without@ 004114ac     MSVCRTD:_error_.obj
 0002:000014e0       ??_C@_0BP@OGBCLIBO@Stack?5around?5_alloca?5corrupted?$AA@ 004114e0     MSVCRTD:_userapi_.obj
 0002:00001500       ??_C@_0CK@CNLNOEPB@Local?5variable?5used?5before?5initi@ 00411500     MSVCRTD:_userapi_.obj
 0002:0000152c       ??_C@_0BI@CIGMDCBH@Stack?5memory?5corruption?$AA@ 0041152c     MSVCRTD:_userapi_.obj
 0002:00001544       ??_C@_0CK@FEGOIOPB@Cast?5to?5smaller?5type?5causing?5los@ 00411544     MSVCRTD:_userapi_.obj
 0002:00001570       ??_C@_0BJ@HEGAHDFO@Stack?5pointer?5corruption?$AA@ 00411570     MSVCRTD:_userapi_.obj
 0002:000015a8       ?ProcessDetach@NativeDll@<CrtImplementationDetails>@@0IB 004115a8     MSVCRTD:unhandld.obj
 0002:000015ac       ?ProcessAttach@NativeDll@<CrtImplementationDetails>@@0IB 004115ac     MSVCRTD:unhandld.obj
 0002:000015b0       ?ThreadAttach@NativeDll@<CrtImplementationDetails>@@0IB 004115b0     MSVCRTD:unhandld.obj
 0002:000015b4       ?ThreadDetach@NativeDll@<CrtImplementationDetails>@@0IB 004115b4     MSVCRTD:unhandld.obj
 0002:000015b8       ?ProcessVerifier@NativeDll@<CrtImplementationDetails>@@0IB 004115b8     MSVCRTD:unhandld.obj
 0002:000015c0       ??_C@_1GE@KOCFNGPB@?$AA_?$AAc?$AAo?$AAn?$AAt?$AAr?$AAo?$AAl?$AAf?$AAp?$AA_?$AAs?$AA?$CI?$AA?$CI?$AA?$CI?$AAv?$AAo?$AAi?$AAd?$AA?5?$AA?$CK?$AA?$CJ?$AA0?$AA?$CJ?$AA?0?$AA?5?$AA0?$AAx?$AA0?$AA0?$AA0?$AA1@ 004115c0     MSVCRTD:fp8.obj
 0002:00001624       ??_C@_1CK@JMKHCBEI@?$AA_?$AAs?$AAe?$AAt?$AAd?$AAe?$AAf?$AAa?$AAu?$AAl?$AAt?$AAp?$AAr?$AAe?$AAc?$AAi?$AAs?$AAi?$AAo?$AAn?$AA?$AA@ 00411624     MSVCRTD:fp8.obj
 0002:00001650       ??_C@_1GG@PHGJJHBC@?$AAf?$AA?3?$AA?2?$AAd?$AAd?$AA?2?$AAv?$AAc?$AAt?$AAo?$AAo?$AAl?$AAs?$AA?2?$AAc?$AAr?$AAt?$AA_?$AAb?$AAl?$AAd?$AA?2?$AAs?$AAe?$AAl?$AAf?$AA_?$AAx?$AA8?$AA6?$AA?2?$AAc@ 00411650     MSVCRTD:fp8.obj
 0002:000016f0       ??_C@_0BB@KCIACLNC@PDBOpenValidate5?$AA@ 004116f0     MSVCRTD:_pdblkup_.obj
 0002:00001704       ??_C@_1CK@HHHCOJPD@?$AAE?$AAn?$AAv?$AAi?$AAr?$AAo?$AAn?$AAm?$AAe?$AAn?$AAt?$AAD?$AAi?$AAr?$AAe?$AAc?$AAt?$AAo?$AAr?$AAy?$AA?$AA@ 00411704     MSVCRTD:_pdblkup_.obj
 0002:00001730       ??_C@_1FM@DNCABAP@?$AAS?$AAO?$AAF?$AAT?$AAW?$AAA?$AAR?$AAE?$AA?2?$AAM?$AAi?$AAc?$AAr?$AAo?$AAs?$AAo?$AAf?$AAt?$AA?2?$AAV?$AAi?$AAs?$AAu?$AAa?$AAl?$AAS?$AAt?$AAu?$AAd?$AAi?$AAo?$AA?2@ 00411730     MSVCRTD:_pdblkup_.obj
 0002:0000178c       ??_C@_0M@HLOHPNFA@RegCloseKey?$AA@ 0041178c     MSVCRTD:_pdblkup_.obj
 0002:00001798       ??_C@_0BB@GLNAEDBD@RegQueryValueExW?$AA@ 00411798     MSVCRTD:_pdblkup_.obj
 0002:000017ac       ??_C@_0O@COHOBMLB@RegOpenKeyExW?$AA@ 004117ac     MSVCRTD:_pdblkup_.obj
 0002:000017bc       ??_C@_1BK@GAEMIDIL@?$AAA?$AAD?$AAV?$AAA?$AAP?$AAI?$AA3?$AA2?$AA?4?$AAD?$AAL?$AAL?$AA?$AA@ 004117bc     MSVCRTD:_pdblkup_.obj
 0002:000017f8       __load_config_used         004117f8     MSVCRTD:loadcfg.obj
 0002:000018a0       ___safe_se_handler_table   004118a0     <linker-defined>
 0002:000018a4       ___rtc_iaa                 004118a4     MSVCRTD:_initsect_.obj
 0002:000018b0       ___rtc_izz                 004118b0     MSVCRTD:_initsect_.obj
 0002:000018b4       ___rtc_taa                 004118b4     MSVCRTD:_initsect_.obj
 0002:000018c0       ___rtc_tzz                 004118c0     MSVCRTD:_initsect_.obj
 0002:00001964       __IMPORT_DESCRIPTOR_MSVCR100D 00411964     MSVCRTD:MSVCR100D.dll
 0002:00001978       __IMPORT_DESCRIPTOR_KERNEL32 00411978     kernel32:KERNEL32.dll
 0002:0000198c       __NULL_IMPORT_DESCRIPTOR   0041198c     MSVCRTD:MSVCR100D.dll
 0003:00000000       _opterr                    00413000     atlast.obj
 0003:00000004       _optind                    00413004     atlast.obj
 0003:00000008       _optopt                    00413008     atlast.obj
 0003:00000020       _atl_stklen                00413020     atlast.obj
 0003:00000028       _atl_rstklen               00413028     atlast.obj
 0003:00000030       _atl_heaplen               00413030     atlast.obj
 0003:00000038       _atl_ltempstr              00413038     atlast.obj
 0003:00000040       _atl_ntempstr              00413040     atlast.obj
 0003:00000048       _atl_walkback              00413048     atlast.obj
 0003:00000050       _atl_redef                 00413050     atlast.obj
 0003:00000700       ___security_cookie         00413700     MSVCRTD:gs_cookie.obj
 0003:00000704       ___security_cookie_complement 00413704     MSVCRTD:gs_cookie.obj
 0003:00000710       ?_RTC_ErrorLevels@@3PAHA   00413710     MSVCRTD:_error_.obj
 0003:00000724       ___globallocalestatus      00413724     MSVCRTD:xthdloc.obj
 0003:00000728       ___defaultmatherr          00413728     MSVCRTD:merr.obj
 0003:0000072c       ___native_dllmain_reason   0041372c     MSVCRTD:natstart.obj
 0003:00000730       ___native_vcclrit_reason   00413730     MSVCRTD:natstart.obj
 0003:00000850       _atl_trace                 00413850     atlast.obj
 0003:00000858       _atl_comment               00413858     atlast.obj
 0003:00000860       _atl_errline               00413860     atlast.obj
 0003:000008dc       ?wsprintffp@@3P6AHPADPBDZZA 004138dc     MSVCRTD:_error_.obj
 0003:00000c0c       __commode                  00413c0c     MSVCRTD:xncommod.obj
 0003:00000c10       __fmode                    00413c10     MSVCRTD:xtxtmode.obj
 0003:00000c14       __dowildcard               00413c14     MSVCRTD:wildcard.obj
 0003:00000c18       __newmode                  00413c18     MSVCRTD:_newmode.obj
 0003:00000c24       _heap                      00413c24     <common>
 0003:00000c28       _optarg                    00413c28     <common>
 0003:00000c2c       ___mingw_optreset          00413c2c     <common>
 0003:00000c30       ___native_startup_state    00413c30     <common>
 0003:00000c34       ___native_startup_lock     00413c34     <common>
 0003:00000c38       ___onexitend               00413c38     <common>
 0003:00000c3c       ___onexitbegin             00413c3c     <common>
 0003:00000c40       ___sse2_available          00413c40     <common>
 0003:00000c44       __NoHeapEnableTerminationOnCorruption 00413c44     <common>
 0003:00000c48       ___dyn_tls_init_callback   00413c48     <common>

 entry point at        0001:0000d1c0

 Static symbols

 0001:00000050       _getopt_internal           00401050 f   atlast.obj
 0001:00000760       _warnx                     00401760 f   atlast.obj
 0001:000007b0       __vwarnx                   004017b0 f   atlast.obj
 0001:00000880       _permute_args              00401880 f   atlast.obj
 0001:00000980       _gcd                       00401980 f   atlast.obj
 0001:000009d0       _parse_long_options        004019d0 f   atlast.obj
 0001:00000e70       _P_plus                    00401e70 f   atlast.obj
 0001:00000ef0       _P_minus                   00401ef0 f   atlast.obj
 0001:00000f70       _P_times                   00401f70 f   atlast.obj
 0001:00001000       _P_div                     00402000 f   atlast.obj
 0001:000010b0       _P_mod                     004020b0 f   atlast.obj
 0001:00001160       _P_divmod                  00402160 f   atlast.obj
 0001:00001240       _P_min                     00402240 f   atlast.obj
 0001:00001330       _P_max                     00402330 f   atlast.obj
 0001:00001420       _P_neg                     00402420 f   atlast.obj
 0001:00001490       _P_abs                     00402490 f   atlast.obj
 0001:00001550       _P_equal                   00402550 f   atlast.obj
 0001:00001620       _P_unequal                 00402620 f   atlast.obj
 0001:000016f0       _P_gtr                     004026f0 f   atlast.obj
 0001:000017c0       _P_lss                     004027c0 f   atlast.obj
 0001:00001890       _P_geq                     00402890 f   atlast.obj
 0001:00001960       _P_leq                     00402960 f   atlast.obj
 0001:00001a30       _P_and                     00402a30 f   atlast.obj
 0001:00001ab0       _P_or                      00402ab0 f   atlast.obj
 0001:00001b30       _P_xor                     00402b30 f   atlast.obj
 0001:00001bb0       _P_not                     00402bb0 f   atlast.obj
 0001:00001c20       _P_shift                   00402c20 f   atlast.obj
 0001:00001d00       _P_1plus                   00402d00 f   atlast.obj
 0001:00001d70       _P_2plus                   00402d70 f   atlast.obj
 0001:00001de0       _P_1minus                  00402de0 f   atlast.obj
 0001:00001e50       _P_2minus                  00402e50 f   atlast.obj
 0001:00001ec0       _P_2times                  00402ec0 f   atlast.obj
 0001:00001f30       _P_2div                    00402f30 f   atlast.obj
 0001:00001fa0       _P_0equal                  00402fa0 f   atlast.obj
 0001:00002040       _P_0notequal               00403040 f   atlast.obj
 0001:000020e0       _P_0gtr                    004030e0 f   atlast.obj
 0001:00002180       _P_0lss                    00403180 f   atlast.obj
 0001:00002220       _P_here                    00403220 f   atlast.obj
 0001:00002290       _P_bang                    00403290 f   atlast.obj
 0001:00002330       _P_at                      00403330 f   atlast.obj
 0001:000023c0       _P_plusbang                004033c0 f   atlast.obj
 0001:00002470       _P_allot                   00403470 f   atlast.obj
 0001:00002530       _P_comma                   00403530 f   atlast.obj
 0001:000025d0       _P_cbang                   004035d0 f   atlast.obj
 0001:00002670       _P_cat                     00403670 f   atlast.obj
 0001:00002700       _P_ccomma                  00403700 f   atlast.obj
 0001:000027a0       _P_cequal                  004037a0 f   atlast.obj
 0001:00002830       _P_create                  00403830 f   atlast.obj
 0001:000028c0       _P_var                     004038c0 f   atlast.obj
 0001:00002930       _P_forget                  00403930 f   atlast.obj
 0001:00002960       _P_variable                00403960 f   atlast.obj
 0001:000029d0       _P_constant                004039d0 f   atlast.obj
 0001:00002a80       _P_con                     00403a80 f   atlast.obj
 0001:00002af0       _P_array                   00403af0 f   atlast.obj
 0001:00002da0       _P_arraysub                00403da0 f   atlast.obj
 0001:00002f80       _P_strlit                  00403f80 f   atlast.obj
 0001:00003030       _P_string                  00404030 f   atlast.obj
 0001:00003100       _P_strcpy                  00404100 f   atlast.obj
 0001:000031d0       _P_strcat                  004041d0 f   atlast.obj
 0001:000032a0       _P_strlen                  004042a0 f   atlast.obj
 0001:00003340       _P_strcmp                  00404340 f   atlast.obj
 0001:00003450       _P_strchar                 00404450 f   atlast.obj
 0001:00003530       _P_substr                  00404530 f   atlast.obj
 0001:00003690       _P_strform                 00404690 f   atlast.obj
 0001:00003770       _P_fstrform                00404770 f   atlast.obj
 0001:00003850       _P_strint                  00404850 f   atlast.obj
 0001:00003970       _P_strreal                 00404970 f   atlast.obj
 0001:00003ad0       _P_flit                    00404ad0 f   atlast.obj
 0001:00003bd0       _P_fplus                   00404bd0 f   atlast.obj
 0001:00003c50       _P_fminus                  00404c50 f   atlast.obj
 0001:00003cd0       _P_ftimes                  00404cd0 f   atlast.obj
 0001:00003d50       _P_fdiv                    00404d50 f   atlast.obj
 0001:00003de0       _P_fmin                    00404de0 f   atlast.obj
 0001:00003e80       _P_fmax                    00404e80 f   atlast.obj
 0001:00003f20       _P_fneg                    00404f20 f   atlast.obj
 0001:00003f80       _P_fabs                    00404f80 f   atlast.obj
 0001:00004020       _P_fequal                  00405020 f   atlast.obj
 0001:000040e0       _P_funequal                004050e0 f   atlast.obj
 0001:000041a0       _P_fgtr                    004051a0 f   atlast.obj
 0001:00004260       _P_flss                    00405260 f   atlast.obj
 0001:00004320       _P_fgeq                    00405320 f   atlast.obj
 0001:000043e0       _P_fleq                    004053e0 f   atlast.obj
 0001:000044a0       _P_fdot                    004054a0 f   atlast.obj
 0001:00004520       _P_float                   00405520 f   atlast.obj
 0001:000045a0       _P_fix                     004055a0 f   atlast.obj
 0001:00004630       _P_acos                    00405630 f   atlast.obj
 0001:000046a0       _P_asin                    004056a0 f   atlast.obj
 0001:00004710       _P_atan                    00405710 f   atlast.obj
 0001:00004780       _P_atan2                   00405780 f   atlast.obj
 0001:00004810       _P_cos                     00405810 f   atlast.obj
 0001:00004880       _P_exp                     00405880 f   atlast.obj
 0001:000048f0       _P_log                     004058f0 f   atlast.obj
 0001:00004960       _P_pow                     00405960 f   atlast.obj
 0001:000049f0       _P_sin                     004059f0 f   atlast.obj
 0001:00004a60       _P_sqrt                    00405a60 f   atlast.obj
 0001:00004ad0       _P_tan                     00405ad0 f   atlast.obj
 0001:00004b40       _P_dot                     00405b40 f   atlast.obj
 0001:00004be0       _P_question                00405be0 f   atlast.obj
 0001:00004cb0       _P_cr                      00405cb0 f   atlast.obj
 0001:00004d00       _P_dots                    00405d00 f   atlast.obj
 0001:00004de0       _P_dotquote                00405de0 f   atlast.obj
 0001:00004e80       _P_dotparen                00405e80 f   atlast.obj
 0001:00004f00       _P_type                    00405f00 f   atlast.obj
 0001:00004fa0       _P_words                   00405fa0 f   atlast.obj
 0001:00005040       _P_file                    00406040 f   atlast.obj
 0001:000050d0       _P_fopen                   004060d0 f   atlast.obj
 0001:00005280       _P_fclose                  00406280 f   atlast.obj
 0001:000053d0       _P_fdelete                 004063d0 f   atlast.obj
 0001:00005480       _P_fgetline                00406480 f   atlast.obj
 0001:000055f0       _atl_fgetsp                004065f0 f   atlast.obj
 0001:00005720       _P_fputline                00406720 f   atlast.obj
 0001:000058c0       _P_fread                   004068c0 f   atlast.obj
 0001:00005a20       _P_fwrite                  00406a20 f   atlast.obj
 0001:00005b80       _P_fgetc                   00406b80 f   atlast.obj
 0001:00005c90       _P_fputc                   00406c90 f   atlast.obj
 0001:00005dc0       _P_ftell                   00406dc0 f   atlast.obj
 0001:00005ed0       _P_fseek                   00406ed0 f   atlast.obj
 0001:00005ff0       _P_fload                   00406ff0 f   atlast.obj
 0001:00006140       _P_evaluate                00407140 f   atlast.obj
 0001:000062e0       _P_depth                   004072e0 f   atlast.obj
 0001:00006360       _P_clear                   00407360 f   atlast.obj
 0001:00006390       _P_dup                     00407390 f   atlast.obj
 0001:00006430       _P_drop                    00407430 f   atlast.obj
 0001:00006490       _P_swap                    00407490 f   atlast.obj
 0001:00006520       _P_over                    00407520 f   atlast.obj
 0001:000065c0       _P_pick                    004075c0 f   atlast.obj
 0001:00006650       _P_rot                     00407650 f   atlast.obj
 0001:000066f0       _P_minusrot                004076f0 f   atlast.obj
 0001:00006790       _P_roll                    00407790 f   atlast.obj
 0001:00006920       _P_tor                     00407920 f   atlast.obj
 0001:000069b0       _P_rfrom                   004079b0 f   atlast.obj
 0001:00006a50       _P_rfetch                  00407a50 f   atlast.obj
 0001:00006ae0       _P_2dup                    00407ae0 f   atlast.obj
 0001:00006ba0       _P_2drop                   00407ba0 f   atlast.obj
 0001:00006c00       _P_2swap                   00407c00 f   atlast.obj
 0001:00006cc0       _P_2over                   00407cc0 f   atlast.obj
 0001:00006d80       _P_2rot                    00407d80 f   atlast.obj
 0001:00006e70       _P_2variable               00407e70 f   atlast.obj
 0001:00006f00       _P_2constant               00407f00 f   atlast.obj
 0001:00006fd0       _P_2con                    00407fd0 f   atlast.obj
 0001:00007070       _P_2bang                   00408070 f   atlast.obj
 0001:00007130       _P_2at                     00408130 f   atlast.obj
 0001:00007210       _P_dolit                   00408210 f   atlast.obj
 0001:000072c0       _P_nest                    004082c0 f   atlast.obj
 0001:00007350       _P_exit                    00408350 f   atlast.obj
 0001:000073f0       _P_branch                  004083f0 f   atlast.obj
 0001:00007440       _P_qbranch                 00408440 f   atlast.obj
 0001:000074f0       _P_if                      004084f0 f   atlast.obj
 0001:00007600       _P_else                    00408600 f   atlast.obj
 0001:00007750       _P_then                    00408750 f   atlast.obj
 0001:00007820       _P_qdup                    00408820 f   atlast.obj
 0001:000078d0       _P_begin                   004088d0 f   atlast.obj
 0001:00007960       _P_until                   00408960 f   atlast.obj
 0001:00007aa0       _P_again                   00408aa0 f   atlast.obj
 0001:00007bc0       _P_while                   00408bc0 f   atlast.obj
 0001:00007cd0       _P_repeat                  00408cd0 f   atlast.obj
 0001:00007e70       _P_do                      00408e70 f   atlast.obj
 0001:00007f80       _P_xdo                     00408f80 f   atlast.obj
 0001:00008070       _P_qdo                     00409070 f   atlast.obj
 0001:00008180       _P_xqdo                    00409180 f   atlast.obj
 0001:000082d0       _P_loop                    004092d0 f   atlast.obj
 0001:00008430       _P_ploop                   00409430 f   atlast.obj
 0001:00008590       _P_xloop                   00409590 f   atlast.obj
 0001:00008680       _P_xploop                  00409680 f   atlast.obj
 0001:000087e0       _P_leave                   004097e0 f   atlast.obj
 0001:00008850       _P_i                       00409850 f   atlast.obj
 0001:000088e0       _P_j                       004098e0 f   atlast.obj
 0001:00008970       _P_quit                    00409970 f   atlast.obj
 0001:000089c0       _P_abort                   004099c0 f   atlast.obj
 0001:00008a00       _P_abortq                  00409a00 f   atlast.obj
 0001:00008b20       _P_immediate               00409b20 f   atlast.obj
 0001:00008b60       _P_lbrack                  00409b60 f   atlast.obj
 0001:00008bd0       _P_rbrack                  00409bd0 f   atlast.obj
 0001:00008c10       _P_does                    00409c10 f   atlast.obj
 0001:00008d50       _P_dodoes                  00409d50 f   atlast.obj
 0001:00008e20       _P_colon                   00409e20 f   atlast.obj
 0001:00008e70       _P_semicolon               00409e70 f   atlast.obj
 0001:00008f40       _P_tick                    00409f40 f   atlast.obj
 0001:00009060       _ucase                     0040a060 f   atlast.obj
 0001:000090f0       _token                     0040a0f0 f   atlast.obj
 0001:00009590       _lookup                    0040a590 f   atlast.obj
 0001:00009630       _P_bracktick               0040a630 f   atlast.obj
 0001:000096a0       _P_execute                 0040a6a0 f   atlast.obj
 0001:00009710       _P_body                    0040a710 f   atlast.obj
 0001:00009780       _P_state                   0040a780 f   atlast.obj
 0001:000097f0       _P_find                    0040a7f0 f   atlast.obj
 0001:00009920       _P_toname                  0040a920 f   atlast.obj
 0001:000099a0       _P_tolink                  0040a9a0 f   atlast.obj
 0001:00009a00       _P_frombody                0040aa00 f   atlast.obj
 0001:00009a70       _P_fromname                0040aa70 f   atlast.obj
 0001:00009af0       _P_fromlink                0040aaf0 f   atlast.obj
 0001:00009b50       _P_nametolink              0040ab50 f   atlast.obj
 0001:00009be0       _P_linktoname              0040abe0 f   atlast.obj
 0001:00009c60       _P_fetchname               0040ac60 f   atlast.obj
 0001:00009d30       _P_storename               0040ad30 f   atlast.obj
 0001:00009e60       _alloc                     0040ae60 f   atlast.obj
 0001:00009f00       _P_system                  0040af00 f   atlast.obj
 0001:00009fa0       _P_trace                   0040afa0 f   atlast.obj
 0001:0000a040       _P_walkback                0040b040 f   atlast.obj
 0001:0000a0e0       _P_wordsused               0040b0e0 f   atlast.obj
 0001:0000a170       _P_wordsunused             0040b170 f   atlast.obj
 0001:0000a200       _P_brackcompile            0040b200 f   atlast.obj
 0001:0000a270       _P_literal                 0040b270 f   atlast.obj
 0001:0000a350       _P_compile                 0040b350 f   atlast.obj
 0001:0000a3f0       _P_backmark                0040b3f0 f   atlast.obj
 0001:0000a480       _P_backresolve             0040b480 f   atlast.obj
 0001:0000a580       _P_fwdmark                 0040b580 f   atlast.obj
 0001:0000a630       _P_fwdresolve              0040b630 f   atlast.obj
 0001:0000a710       _pwalkback                 0040b710 f   atlast.obj
 0001:0000a800       _trouble                   0040b800 f   atlast.obj
 0001:0000a8c0       _stakover                  0040b8c0 f   atlast.obj
 0001:0000a910       _stakunder                 0040b910 f   atlast.obj
 0001:0000a960       _rstakover                 0040b960 f   atlast.obj
 0001:0000a9b0       _rstakunder                0040b9b0 f   atlast.obj
 0001:0000aa00       _heapover                  0040ba00 f   atlast.obj
 0001:0000aa50       _badpointer                0040ba50 f   atlast.obj
 0001:0000aaa0       _notcomp                   0040baa0 f   atlast.obj
 0001:0000aaf0       _divzero                   0040baf0 f   atlast.obj
 0001:0000ab40       _exword                    0040bb40 f   atlast.obj
 0001:0000b210       _atl_primdef               0040c210 f   atlast.obj
 0001:0000b5a0       _enter                     0040c5a0 f   atlast.obj
 0001:0000caf0       _ctrlc                     0040daf0 f   atlmain.obj
 0001:0000d0d0       _pre_c_init                0040e0d0 f   MSVCRTD:crtexe.obj
 0001:0000d160       _pre_cpp_init              0040e160 f   MSVCRTD:crtexe.obj
 0001:0000d1e0       ___tmainCRTStartup         0040e1e0 f   MSVCRTD:crtexe.obj
 0001:0000d450       _check_managed_app         0040e450 f   MSVCRTD:crtexe.obj
 0001:0000d520       ?failwithmessage@@YAXPAXHHPBD@Z 0040e520 f   MSVCRTD:_error_.obj
 0001:0000d740       ?DebuggerProbe@@YAHK@Z     0040e740 f   MSVCRTD:_error_.obj
 0001:0000d7d0       ?DebuggerRuntime@@YAHKHPAXPB_W@Z 0040e7d0 f   MSVCRTD:_error_.obj
 0001:0000dab0       ?_getMemBlockDataString@@YAXPAD00I@Z 0040eab0 f   MSVCRTD:_error_.obj
 0001:0000e6b0       ?GetPdbDll@@YAPAUHINSTANCE__@@XZ 0040f6b0 f   MSVCRTD:_pdblkup_.obj
 0001:0000e7a0       ?GetPdbDllFromInstallPath@@YAPAUHINSTANCE__@@XZ 0040f7a0 f   MSVCRTD:_pdblkup_.obj
 0001:0000e960       ?GetPdbDllPathFromFilePath@@YAHPB_WPA_WI@Z 0040f960 f   MSVCRTD:_pdblkup_.obj
